16:52:36 **** Auto Build of configuration Debug for project TestApp ****
make pre-build main-build 
a9-linaro-pre-build-step
' '
'Building file: ../src/lab3.c'
'Invoking: ARM v7 gcc compiler'
arm-none-eabi-gcc -Wall -O0 -g3 -c -fmessage-length=0 -MT"src/lab3.o" -mcpu=cortex-a9 -mfpu=vfpv3 -mfloat-abi=hard -I../../standalone_bsp_0/ps7_cortexa9_0/include -MMD -MP -MF"src/lab3.d" -MT"src/lab3.o" -o "src/lab3.o" "../src/lab3.c"
../src/lab3.c: In function 'main':
../src/lab3.c:40:4: warning: implicit declaration of function 'sleep' [-Wimplicit-function-declaration]
    sleep(1);
    ^~~~~
'Finished building: ../src/lab3.c'
' '
'Building target: TestApp.elf'
'Invoking: ARM v7 gcc linker'
arm-none-eabi-gcc -mcpu=cortex-a9 -mfpu=vfpv3 -mfloat-abi=hard -Wl,-build-id=none -specs=Xilinx.spec -Wl,-T -Wl,../src/lscript.ld -L../../standalone_bsp_0/ps7_cortexa9_0/lib -o "TestApp.elf"  ./src/lab3.o   -Wl,--start-group,-lxil,-lgcc,-lc,--end-group
'Finished building target: TestApp.elf'
' '
'Invoking: ARM v7 Print Size'
arm-none-eabi-size TestApp.elf  |tee "TestApp.elf.size"
   text	   data	    bss	    dec	    hex	filename
  23556	   1188	  22616	  47360	   b900	TestApp.elf
'Finished building: TestApp.elf.size'
' '

16:52:37 Build Finished (took 1s.105ms)

