16:27:51 **** Auto Build of configuration Debug for project TimerIntApp ****
make pre-build main-build 
a9-linaro-pre-build-step
' '
'Building file: ../src/helloworld.c'
'Invoking: ARM v7 gcc compiler'
arm-none-eabi-gcc -Wall -O0 -g3 -c -fmessage-length=0 -MT"src/helloworld.o" -mcpu=cortex-a9 -mfpu=vfpv3 -mfloat-abi=hard -I../../TimerIntApp_bsp/ps7_cortexa9_0/include -MMD -MP -MF"src/helloworld.d" -MT"src/helloworld.o" -o "src/helloworld.o" "../src/helloworld.c"
../src/helloworld.c: In function 'BTN_Intr_Handler':
../src/helloworld.c:47:3: warning: implicit declaration of function 'printf' [-Wimplicit-function-declaration]
   printf("A deðeri %d\n",a);
   ^
../src/helloworld.c:47:3: warning: incompatible implicit declaration of built-in function 'printf'
../src/helloworld.c:47:3: note: include '<stdio.h>' or provide a declaration of 'printf'
../src/helloworld.c:52:3: warning: incompatible implicit declaration of built-in function 'printf'
   printf("B deðeri%d\n",b);
   ^
../src/helloworld.c:52:3: note: include '<stdio.h>' or provide a declaration of 'printf'
../src/helloworld.c:56:3: warning: incompatible implicit declaration of built-in function 'printf'
   printf("A*B = %d\n",led_data);
   ^
../src/helloworld.c:56:3: note: include '<stdio.h>' or provide a declaration of 'printf'
'Finished building: ../src/helloworld.c'
' '
'Building target: TimerIntApp.elf'
'Invoking: ARM v7 gcc linker'
arm-none-eabi-gcc -mcpu=cortex-a9 -mfpu=vfpv3 -mfloat-abi=hard -Wl,-build-id=none -specs=Xilinx.spec -Wl,-T -Wl,../src/lscript.ld -L../../TimerIntApp_bsp/ps7_cortexa9_0/lib -o "TimerIntApp.elf"  ./src/helloworld.o ./src/platform.o   -Wl,--start-group,-lxil,-lgcc,-lc,--end-group
'Finished building target: TimerIntApp.elf'
' '
'Invoking: ARM v7 Print Size'
arm-none-eabi-size TimerIntApp.elf  |tee "TimerIntApp.elf.size"
   text	   data	    bss	    dec	    hex	filename
  80536	   4192	  23408	 108136	  1a668	TimerIntApp.elf
'Finished building: TimerIntApp.elf.size'
' '

16:27:52 Build Finished (took 1s.471ms)

