15:22:18 **** Auto Build of configuration Debug for project TestAppLED ****
make pre-build main-build 
a9-linaro-pre-build-step
' '
'Building file: ../src/TestAppLED.c'
'Invoking: ARM v7 gcc compiler'
arm-none-eabi-gcc -Wall -O0 -g3 -c -fmessage-length=0 -MT"src/TestAppLED.o" -mcpu=cortex-a9 -mfpu=vfpv3 -mfloat-abi=hard -I../../standalone_bsp_1/ps7_cortexa9_0/include -MMD -MP -MF"src/TestAppLED.d" -MT"src/TestAppLED.o" -o "src/TestAppLED.o" "../src/TestAppLED.c"
../src/TestAppLED.c: In function 'main':
../src/TestAppLED.c:55:32: warning: passing argument 3 of 'XGpio_DiscreteWrite' makes integer from pointer without a cast [-Wint-conversion]
    XGpio_DiscreteWrite(&leds,1,&dip_switches);
                                ^
In file included from ../src/TestAppLED.c:14:0:
../../standalone_bsp_1/ps7_cortexa9_0/include/xgpio.h:184:6: note: expected 'u32 {aka long unsigned int}' but argument is of type 'XGpio * {aka struct <anonymous> *}'
 void XGpio_DiscreteWrite(XGpio *InstancePtr, unsigned Channel, u32 Mask);
      ^~~~~~~~~~~~~~~~~~~
../src/TestAppLED.c:56:4: warning: implicit declaration of function 'sleep' [-Wimplicit-function-declaration]
    sleep(1);
    ^~~~~
'Finished building: ../src/TestAppLED.c'
' '
'Building target: TestAppLED.elf'
'Invoking: ARM v7 gcc linker'
arm-none-eabi-gcc -mcpu=cortex-a9 -mfpu=vfpv3 -mfloat-abi=hard -Wl,-build-id=none -specs=Xilinx.spec -Wl,-T -Wl,../src/lscript.ld -L../../standalone_bsp_1/ps7_cortexa9_0/lib -o "TestAppLED.elf"  ./src/TestAppLED.o   -Wl,--start-group,-lxil,-lgcc,-lc,--end-group
'Finished building target: TestAppLED.elf'
' '
'Invoking: ARM v7 Print Size'
arm-none-eabi-size TestAppLED.elf  |tee "TestAppLED.elf.size"
   text	   data	    bss	    dec	    hex	filename
  23684	   1204	  22632	  47520	   b9a0	TestAppLED.elf
'Finished building: TestAppLED.elf.size'
' '

15:22:19 Build Finished (took 873ms)

